{"country abbreviation":"US","place name":"Redmond","state abbreviation":"WA","places":[{"place name":"Redmond","post code":"980520"},{"place name":"Redmond","post code":"980530"},{"place name":"Redmond","post code":"980730"}]}