{
  "title": "Entity Configuration",
  "$schema": "https://json-schema.org/draft-04/schema#",
  "definitions": {
    "Entity": {
      "type": "object",
      "title": "'Entity' object.",
      "description": "The 'Entity' object.",
      "properties": {
        "name": {
          "type": "string",
          "title": "The entity name."
        },
        "properties": {
          "type": "array",
          "title": "The 'Property' collection.",
          "items": {
            "$ref": "#/definitions/Property"
          }
        }
      },
      "required": [
        "name"
      ]
    },
    "Property": {
      "type": "object",
      "title": "'Property' object.",
      "description": "The 'Property' object.",
      "properties": {
        "name": {
          "type": "string",
          "title": "The property name."
        },
        "type": {
          "type": "string",
          "title": "The property type.",
          "description": "This is a more detailed description for the property type.",
          "enum": [
            "string",
            "int",
            "decimal"
          ]
        },
        "isNullable": {
          "type": "boolean",
          "title": "Indicates whether the property is nullable."
        }
      },
      "required": [
        "name"
      ]
    }
  },
  "allOf": [
    {
      "$ref": "#/definitions/Entity"
    }
  ]
}